[INFO] Scanning for projects...
[INFO] 
[INFO] --------------------< com.chatbot:workflow-builder >--------------------
[INFO] Building Chatbot Workflow Builder 0.0.1-SNAPSHOT
[INFO]   from pom.xml
[INFO] --------------------------------[ jar ]---------------------------------
[INFO] 
[INFO] --- resources:3.2.0:resources (default-resources) @ workflow-builder ---
[INFO] Using 'UTF-8' encoding to copy filtered resources.
[INFO] Using 'UTF-8' encoding to copy filtered properties files.
[INFO] Copying 1 resource
[INFO] Copying 1 resource
[INFO] 
[INFO] --- compiler:3.10.1:compile (default-compile) @ workflow-builder ---
[INFO] Changes detected - recompiling the module!
[INFO] Compiling 31 source files to e:\AI\chatbot\backend\target\classes
[INFO] 
[INFO] --- resources:3.2.0:testResources (default-testResources) @ workflow-builder ---
[INFO] Using 'UTF-8' encoding to copy filtered resources.
[INFO] Using 'UTF-8' encoding to copy filtered properties files.
[INFO] Copying 1 resource
[INFO] 
[INFO] --- compiler:3.10.1:testCompile (default-testCompile) @ workflow-builder ---
[INFO] Changes detected - recompiling the module!
[INFO] Compiling 4 source files to e:\AI\chatbot\backend\target\test-classes
[INFO] 
[INFO] --- surefire:2.22.2:test (default-test) @ workflow-builder ---
[INFO] 
[INFO] -------------------------------------------------------
[INFO]  T E S T S
[INFO] -------------------------------------------------------
[INFO] Running com.chatbot.workflow.controller.WorkflowControllerTest
14:33:00.043 [main] DEBUG org.springframework.test.context.BootstrapUtils - Instantiating CacheAwareContextLoaderDelegate from class [org.springframework.test.context.cache.DefaultCacheAwareContextLoaderDelegate]
14:33:00.043 [main] DEBUG org.springframework.test.context.BootstrapUtils - Instantiating BootstrapContext using constructor [public org.springframework.test.context.support.DefaultBootstrapContext(java.lang.Class,org.springframework.test.context.CacheAwareContextLoaderDelegate)]
14:33:00.084 [main] DEBUG org.springframework.test.context.BootstrapUtils - Instantiating TestContextBootstrapper for test class [com.chatbot.workflow.controller.WorkflowControllerTest] from class [org.springframework.boot.test.context.SpringBootTestContextBootstrapper]
14:33:00.093 [main] INFO org.springframework.boot.test.context.SpringBootTestContextBootstrapper - Neither @ContextConfiguration nor @ContextHierarchy found for test class [com.chatbot.workflow.controller.WorkflowControllerTest], using SpringBootContextLoader
14:33:00.101 [main] DEBUG org.springframework.test.context.support.AbstractContextLoader - Did not detect default resource location for test class [com.chatbot.workflow.controller.WorkflowControllerTest]: class path resource [com/chatbot/workflow/controller/WorkflowControllerTest-context.xml] does not exist
14:33:00.103 [main] DEBUG org.springframework.test.context.support.AbstractContextLoader - Did not detect default resource location for test class [com.chatbot.workflow.controller.WorkflowControllerTest]: class path resource [com/chatbot/workflow/controller/WorkflowControllerTestContext.groovy] does not exist
14:33:00.103 [main] INFO org.springframework.test.context.support.AbstractContextLoader - Could not detect default resource locations for test class [com.chatbot.workflow.controller.WorkflowControllerTest]: no resource found for suffixes {-context.xml, Context.groovy}.
14:33:00.107 [main] INFO org.springframework.test.context.support.AnnotationConfigContextLoaderUtils - Could not detect default configuration classes for test class [com.chatbot.workflow.controller.WorkflowControllerTest]: WorkflowControllerTest does not declare any static, non-private, non-final, nested classes annotated with @Configuration.
14:33:00.235 [main] DEBUG org.springframework.context.annotation.ClassPathScanningCandidateComponentProvider - Identified candidate component class: file [e:\AI\chatbot\backend\target\classes\com\chatbot\workflow\WorkflowApplication.class]
14:33:00.244 [main] INFO org.springframework.boot.test.context.SpringBootTestContextBootstrapper - Found @SpringBootConfiguration com.chatbot.workflow.WorkflowApplication for test class com.chatbot.workflow.controller.WorkflowControllerTest
14:33:00.322 [main] DEBUG org.springframework.boot.test.context.SpringBootTestContextBootstrapper - @TestExecutionListeners is not present for class [com.chatbot.workflow.controller.WorkflowControllerTest]: using defaults.
14:33:00.322 [main] INFO org.springframework.boot.test.context.SpringBootTestContextBootstrapper - Loaded default TestExecutionListener class names from location [META-INF/spring.factories]: [org.springframework.boot.test.mock.mockito.MockitoTestExecutionListener, org.springframework.boot.test.mock.mockito.ResetMocksTestExecutionListener, org.springframework.boot.test.autoconfigure.restdocs.RestDocsTestExecutionListener, org.springframework.boot.test.autoconfigure.web.client.MockRestServiceServerResetTestExecutionListener, org.springframework.boot.test.autoconfigure.web.servlet.MockMvcPrintOnlyOnFailureTestExecutionListener, org.springframework.boot.test.autoconfigure.web.servlet.WebDriverTestExecutionListener, org.springframework.boot.test.autoconfigure.webservices.client.MockWebServiceServerTestExecutionListener, org.springframework.test.context.web.ServletTestExecutionListener, org.springframework.test.context.support.DirtiesContextBeforeModesTestExecutionListener, org.springframework.test.context.event.ApplicationEventsTestExecutionListener, org.springframework.test.context.support.DependencyInjectionTestExecutionListener, org.springframework.test.context.support.DirtiesContextTestExecutionListener, org.springframework.test.context.transaction.TransactionalTestExecutionListener, org.springframework.test.context.jdbc.SqlScriptsTestExecutionListener, org.springframework.test.context.event.EventPublishingTestExecutionListener]
14:33:00.347 [main] INFO org.springframework.boot.test.context.SpringBootTestContextBootstrapper - Using TestExecutionListeners: [org.springframework.test.context.web.ServletTestExecutionListener@83298d7, org.springframework.test.context.support.DirtiesContextBeforeModesTestExecutionListener@42a9e5d1, org.springframework.test.context.event.ApplicationEventsTestExecutionListener@5b080f3a, org.springframework.boot.test.mock.mockito.MockitoTestExecutionListener@773cbf4f, org.springframework.boot.test.autoconfigure.SpringBootDependencyInjectionTestExecutionListener@6b54655f, org.springframework.test.context.support.DirtiesContextTestExecutionListener@665e9289, org.springframework.test.context.transaction.TransactionalTestExecutionListener@7d3430a7, org.springframework.test.context.jdbc.SqlScriptsTestExecutionListener@6f603e89, org.springframework.test.context.event.EventPublishingTestExecutionListener@2756c0a7, org.springframework.boot.test.mock.mockito.ResetMocksTestExecutionListener@350ec41e, org.springframework.boot.test.autoconfigure.restdocs.RestDocsTestExecutionListener@69637b10, org.springframework.boot.test.autoconfigure.web.client.MockRestServiceServerResetTestExecutionListener@71984c3, org.springframework.boot.test.autoconfigure.web.servlet.MockMvcPrintOnlyOnFailureTestExecutionListener@165b2f7f, org.springframework.boot.test.autoconfigure.web.servlet.WebDriverTestExecutionListener@5536379e, org.springframework.boot.test.autoconfigure.webservices.client.MockWebServiceServerTestExecutionListener@277f7dd3]
14:33:00.347 [main] DEBUG org.springframework.test.context.support.AbstractDirtiesContextTestExecutionListener - Before test class: context [DefaultTestContext@34a97744 testClass = WorkflowControllerTest, testInstance = [null], testMethod = [null], testException = [null], mergedContextConfiguration = [WebMergedContextConfiguration@4275c20c testClass = WorkflowControllerTest, locations = '{}', classes = '{class com.chatbot.workflow.WorkflowApplication}', contextInitializerClasses = '[]', activeProfiles = '{test}', propertySourceLocations = '{}', propertySourceProperties = '{org.springframework.boot.test.context.SpringBootTestContextBootstrapper=true}', contextCustomizers = set[[ImportsContextCustomizer@7c56e013 key = [org.springframework.boot.test.autoconfigure.web.servlet.MockMvcWebDriverAutoConfiguration, org.springframework.boot.test.autoconfigure.web.servlet.MockMvcAutoConfiguration, org.springframework.boot.autoconfigure.security.oauth2.client.servlet.OAuth2ClientAutoConfiguration, org.springframework.boot.autoconfigure.security.servlet.SecurityAutoConfiguration, org.springframework.boot.autoconfigure.security.servlet.SecurityFilterAutoConfiguration, org.springframework.boot.autoconfigure.security.servlet.UserDetailsServiceAutoConfiguration, org.springframework.boot.autoconfigure.security.oauth2.resource.servlet.OAuth2ResourceServerAutoConfiguration, org.springframework.boot.test.autoconfigure.web.servlet.MockMvcSecurityConfiguration, org.springframework.boot.test.autoconfigure.web.servlet.MockMvcWebClientAutoConfiguration, org.springframework.boot.test.autoconfigure.web.reactive.WebTestClientAutoConfiguration]], org.springframework.boot.test.context.filter.ExcludeFilterContextCustomizer@78641d23, org.springframework.boot.test.json.DuplicateJsonObjectContextCustomizerFactory$DuplicateJsonObjectContextCustomizer@2f67b837, org.springframework.boot.test.mock.mockito.MockitoContextCustomizer@0, org.springframework.boot.test.web.client.TestRestTemplateContextCustomizer@60856961, org.springframework.boot.test.autoconfigure.actuate.metrics.MetricsExportContextCustomizerFactory$DisableMetricExportContextCustomizer@35432107, org.springframework.boot.test.autoconfigure.properties.PropertyMappingContextCustomizer@4b3fa0b3, org.springframework.boot.test.autoconfigure.web.servlet.WebDriverContextCustomizerFactory$Customizer@6ce86ce1, org.springframework.boot.test.context.SpringBootTestArgs@1, org.springframework.boot.test.context.SpringBootTestWebEnvironment@1d9b7cce], resourceBasePath = 'src/main/webapp', contextLoader = 'org.springframework.boot.test.context.SpringBootContextLoader', parent = [null]], attributes = map['org.springframework.test.context.web.ServletTestExecutionListener.activateListener' -> true]], class annotated with @DirtiesContext [false] with mode [null].

  .   ____          _            __ _ _
 /\\ / ___'_ __ _ _(_)_ __  __ _ \ \ \ \
( ( )\___ | '_ | '_| | '_ \/ _` | \ \ \ \
 \\/  ___)| |_)| | | | | || (_| |  ) ) ) )
  '  |____| .__|_| |_|_| |_\__, | / / / /
 =========|_|==============|___/=/_/_/_/
 :: Spring Boot ::               (v2.7.18)

2026-06-09 14:33:00.769  INFO 24700 --- [           main] c.c.w.controller.WorkflowControllerTest  : Starting WorkflowControllerTest using Java 11.0.30 on XB9687 with PID 24700 (started by Deepak Kumar in e:\AI\chatbot\backend)
2026-06-09 14:33:00.771  INFO 24700 --- [           main] c.c.w.controller.WorkflowControllerTest  : The following 1 profile is active: "test"
2026-06-09 14:33:01.559  INFO 24700 --- [           main] .s.d.r.c.RepositoryConfigurationDelegate : Bootstrapping Spring Data JPA repositories in DEFAULT mode.
2026-06-09 14:33:01.609  INFO 24700 --- [           main] .s.d.r.c.RepositoryConfigurationDelegate : Finished Spring Data repository scanning in 45 ms. Found 2 JPA repository interfaces.
2026-06-09 14:33:02.208  INFO 24700 --- [           main] o.hibernate.jpa.internal.util.LogHelper  : HHH000204: Processing PersistenceUnitInfo [name: default]
2026-06-09 14:33:02.275  INFO 24700 --- [           main] org.hibernate.Version                    : HHH000412: Hibernate ORM core version 5.6.15.Final
2026-06-09 14:33:02.475  INFO 24700 --- [           main] o.hibernate.annotations.common.Version   : HCANN000001: Hibernate Commons Annotations {5.1.2.Final}
2026-06-09 14:33:03.003  INFO 24700 --- [           main] com.zaxxer.hikari.HikariDataSource       : HikariPool-1 - Starting...
2026-06-09 14:33:03.291  INFO 24700 --- [           main] com.zaxxer.hikari.HikariDataSource       : HikariPool-1 - Start completed.
2026-06-09 14:33:03.320  INFO 24700 --- [           main] org.hibernate.dialect.Dialect            : HHH000400: Using dialect: org.hibernate.dialect.H2Dialect
Hibernate: drop table if exists workflow_versions CASCADE 
Hibernate: drop table if exists workflows CASCADE 
Hibernate: create table workflow_versions (id UUID not null, created_at timestamp not null, definition TEXT not null, version integer not null, workflow_id UUID not null, primary key (id))
Hibernate: create table workflows (id UUID not null, created_at timestamp not null, current_version integer not null, deleted_at timestamp, description TEXT, last_modified_at timestamp not null, name varchar(100) not null, primary key (id))
Hibernate: alter table workflow_versions add constraint UKqg1ci4e0rmt1jg0pbka5lu3d2 unique (workflow_id, version)
2026-06-09 14:33:04.395  INFO 24700 --- [           main] o.h.e.t.j.p.i.JtaPlatformInitiator       : HHH000490: Using JtaPlatform implementation: [org.hibernate.engine.transaction.jta.platform.internal.NoJtaPlatform]
2026-06-09 14:33:04.412  INFO 24700 --- [           main] j.LocalContainerEntityManagerFactoryBean : Initialized JPA EntityManagerFactory for persistence unit 'default'
2026-06-09 14:33:06.017  WARN 24700 --- [           main] JpaBaseConfiguration$JpaWebConfiguration : spring.jpa.open-in-view is enabled by default. Therefore, database queries may be performed during view rendering. Explicitly configure spring.jpa.open-in-view to disable this warning
2026-06-09 14:33:06.902  INFO 24700 --- [           main] o.s.b.t.m.w.SpringBootMockServletContext : Initializing Spring TestDispatcherServlet ''
2026-06-09 14:33:06.902  INFO 24700 --- [           main] o.s.t.web.servlet.TestDispatcherServlet  : Initializing Servlet ''
2026-06-09 14:33:06.904  INFO 24700 --- [           main] o.s.t.web.servlet.TestDispatcherServlet  : Completed initialization in 2 ms
2026-06-09 14:33:06.935  INFO 24700 --- [           main] c.c.w.controller.WorkflowControllerTest  : Started WorkflowControllerTest in 6.543 seconds (JVM running for 7.601)

MockHttpServletRequest:
      HTTP Method = POST
      Request URI = /api/workflows
       Parameters = {}
          Headers = [Content-Type:"application/json;charset=UTF-8", Content-Length:"74"]
             Body = {"name":"Test Workflow","description":"A test workflow","definition":null}
    Session Attrs = {}

Handler:
             Type = org.springframework.web.servlet.resource.ResourceHttpRequestHandler

Async:
    Async started = false
     Async result = null

Resolved Exception:
             Type = null

ModelAndView:
        View name = null
             View = null
            Model = null

FlashMap:
       Attributes = null

MockHttpServletResponse:
           Status = 404
    Error message = null
          Headers = [Vary:"Origin", "Access-Control-Request-Method", "Access-Control-Request-Headers"]
     Content type = null
             Body = 
    Forwarded URL = null
   Redirected URL = null
          Cookies = []
[ERROR] Tests run: 1, Failures: 1, Errors: 0, Skipped: 0, Time elapsed: 7.24 s <<< FAILURE! - in com.chatbot.workflow.controller.WorkflowControllerTest
[ERROR] createWorkflow_withValidRequest_returns201  Time elapsed: 0.263 s  <<< FAILURE!
java.lang.AssertionError: Status expected:<201> but was:<404>
	at com.chatbot.workflow.controller.WorkflowControllerTest.createWorkflow_withValidRequest_returns201(WorkflowControllerTest.java:47)

2026-06-09 14:33:07.339  INFO 24700 --- [ionShutdownHook] j.LocalContainerEntityManagerFactoryBean : Closing JPA EntityManagerFactory for persistence unit 'default'
2026-06-09 14:33:07.341  INFO 24700 --- [ionShutdownHook] .SchemaDropperImpl$DelayedDropActionImpl : HHH000477: Starting delayed evictData of schema as part of SessionFactory shut-down'
Hibernate: drop table if exists workflow_versions CASCADE 
Hibernate: drop table if exists workflows CASCADE 
2026-06-09 14:33:07.349  INFO 24700 --- [ionShutdownHook] com.zaxxer.hikari.HikariDataSource       : HikariPool-1 - Shutdown initiated...
2026-06-09 14:33:07.366  INFO 24700 --- [ionShutdownHook] com.zaxxer.hikari.HikariDataSource       : HikariPool-1 - Shutdown completed.
[INFO] 
[INFO] Results:
[INFO] 
[ERROR] Failures: 
[ERROR]   WorkflowControllerTest.createWorkflow_withValidRequest_returns201:47 Status expected:<201> but was:<404>
[INFO] 
[ERROR] Tests run: 1, Failures: 1, Errors: 0, Skipped: 0
[INFO] 
[INFO] ------------------------------------------------------------------------
[INFO] BUILD FAILURE
[INFO] ------------------------------------------------------------------------
[INFO] Total time:  13.214 s
[INFO] Finished at: 2026-06-09T14:33:07+05:30
[INFO] ------------------------------------------------------------------------
[ERROR] Failed to execute goal org.apache.maven.plugins:maven-surefire-plugin:2.22.2:test (default-test) on project workflow-builder: There are test failures.
[ERROR] 
[ERROR] Please refer to e:\AI\chatbot\backend\target\surefire-reports for the individual test results.
[ERROR] Please refer to dump files (if any exist) [date].dump, [date]-jvmRun[N].dump and [date].dumpstream.
[ERROR] -> [Help 1]
[ERROR] 
[ERROR] To see the full stack trace of the errors, re-run Maven with the -e switch.
[ERROR] Re-run Maven using the -X switch to enable full debug logging.
[ERROR] 
[ERROR] For more information about the errors and possible solutions, please read the following articles:
[ERROR] [Help 1] http://cwiki.apache.org/confluence/display/MAVEN/MojoFailureException
